Archive member included to satisfy reference by file (symbol)

c:/st/stm32cubeide_1.3.0/stm32cubeide/plugins/com.st.stm32cube.ide.mcu.externaltools.gnu-tools-for-stm32.7-2018-q2-update.win32_1.0.0.201904181610/tools/bin/../lib/gcc/arm-none-eabi/7.3.1/../../../../arm-none-eabi/lib/thumb/v7e-m/fpv4-sp/hard\libc_nano.a(lib_a-errno.o)
                              Core/Src/syscalls.o (__errno)
c:/st/stm32cubeide_1.3.0/stm32cubeide/plugins/com.st.stm32cube.ide.mcu.externaltools.gnu-tools-for-stm32.7-2018-q2-update.win32_1.0.0.201904181610/tools/bin/../lib/gcc/arm-none-eabi/7.3.1/../../../../arm-none-eabi/lib/thumb/v7e-m/fpv4-sp/hard\libc_nano.a(lib_a-exit.o)
                              c:/st/stm32cubeide_1.3.0/stm32cubeide/plugins/com.st.stm32cube.ide.mcu.externaltools.gnu-tools-for-stm32.7-2018-q2-update.win32_1.0.0.201904181610/tools/bin/../lib/gcc/arm-none-eabi/7.3.1/../../../../arm-none-eabi/lib/thumb/v7e-m/fpv4-sp/hard/crt0.o (exit)
c:/st/stm32cubeide_1.3.0/stm32cubeide/plugins/com.st.stm32cube.ide.mcu.externaltools.gnu-tools-for-stm32.7-2018-q2-update.win32_1.0.0.201904181610/tools/bin/../lib/gcc/arm-none-eabi/7.3.1/../../../../arm-none-eabi/lib/thumb/v7e-m/fpv4-sp/hard\libc_nano.a(lib_a-impure.o)
                              c:/st/stm32cubeide_1.3.0/stm32cubeide/plugins/com.st.stm32cube.ide.mcu.externaltools.gnu-tools-for-stm32.7-2018-q2-update.win32_1.0.0.201904181610/tools/bin/../lib/gcc/arm-none-eabi/7.3.1/../../../../arm-none-eabi/lib/thumb/v7e-m/fpv4-sp/hard\libc_nano.a(lib_a-exit.o) (_global_impure_ptr)
c:/st/stm32cubeide_1.3.0/stm32cubeide/plugins/com.st.stm32cube.ide.mcu.externaltools.gnu-tools-for-stm32.7-2018-q2-update.win32_1.0.0.201904181610/tools/bin/../lib/gcc/arm-none-eabi/7.3.1/../../../../arm-none-eabi/lib/thumb/v7e-m/fpv4-sp/hard\libc_nano.a(lib_a-init.o)
                              c:/st/stm32cubeide_1.3.0/stm32cubeide/plugins/com.st.stm32cube.ide.mcu.externaltools.gnu-tools-for-stm32.7-2018-q2-update.win32_1.0.0.201904181610/tools/bin/../lib/gcc/arm-none-eabi/7.3.1/../../../../arm-none-eabi/lib/thumb/v7e-m/fpv4-sp/hard/crt0.o (__libc_init_array)
c:/st/stm32cubeide_1.3.0/stm32cubeide/plugins/com.st.stm32cube.ide.mcu.externaltools.gnu-tools-for-stm32.7-2018-q2-update.win32_1.0.0.201904181610/tools/bin/../lib/gcc/arm-none-eabi/7.3.1/../../../../arm-none-eabi/lib/thumb/v7e-m/fpv4-sp/hard\libc_nano.a(lib_a-memset.o)
                              c:/st/stm32cubeide_1.3.0/stm32cubeide/plugins/com.st.stm32cube.ide.mcu.externaltools.gnu-tools-for-stm32.7-2018-q2-update.win32_1.0.0.201904181610/tools/bin/../lib/gcc/arm-none-eabi/7.3.1/../../../../arm-none-eabi/lib/thumb/v7e-m/fpv4-sp/hard/crt0.o (memset)

Allocating common symbols
Common symbol       size              file

uwTick              0x4               Drivers/STM32F3xx_HAL_Driver/stm32f3xx_hal.o
pFlash              0x20              Drivers/STM32F3xx_HAL_Driver/stm32f3xx_hal_flash.o
htim1               0x40              Core/Src/main.o
htim2               0x40              Core/Src/main.o

Discarded input sections

 .text          0x0000000000000000        0x0 c:/st/stm32cubeide_1.3.0/stm32cubeide/plugins/com.st.stm32cube.ide.mcu.externaltools.gnu-tools-for-stm32.7-2018-q2-update.win32_1.0.0.201904181610/tools/bin/../lib/gcc/arm-none-eabi/7.3.1/thumb/v7e-m/fpv4-sp/hard/crti.o
 .data          0x0000000000000000        0x0 c:/st/stm32cubeide_1.3.0/stm32cubeide/plugins/com.st.stm32cube.ide.mcu.externaltools.gnu-tools-for-stm32.7-2018-q2-update.win32_1.0.0.201904181610/tools/bin/../lib/gcc/arm-none-eabi/7.3.1/thumb/v7e-m/fpv4-sp/hard/crti.o
 .bss           0x0000000000000000        0x0 c:/st/stm32cubeide_1.3.0/stm32cubeide/plugins/com.st.stm32cube.ide.mcu.externaltools.gnu-tools-for-stm32.7-2018-q2-update.win32_1.0.0.201904181610/tools/bin/../lib/gcc/arm-none-eabi/7.3.1/thumb/v7e-m/fpv4-sp/hard/crti.o
 .data          0x0000000000000000        0x4 c:/st/stm32cubeide_1.3.0/stm32cubeide/plugins/com.st.stm32cube.ide.mcu.externaltools.gnu-tools-for-stm32.7-2018-q2-update.win32_1.0.0.201904181610/tools/bin/../lib/gcc/arm-none-eabi/7.3.1/thumb/v7e-m/fpv4-sp/hard/crtbegin.o
 .text          0x0000000000000000       0x74 c:/st/stm32cubeide_1.3.0/stm32cubeide/plugins/com.st.stm32cube.ide.mcu.externaltools.gnu-tools-for-stm32.7-2018-q2-update.win32_1.0.0.201904181610/tools/bin/../lib/gcc/arm-none-eabi/7.3.1/../../../../arm-none-eabi/lib/thumb/v7e-m/fpv4-sp/hard/crt0.o
 .data          0x0000000000000000        0x0 c:/st/stm32cubeide_1.3.0/stm32cubeide/plugins/com.st.stm32cube.ide.mcu.externaltools.gnu-tools-for-stm32.7-2018-q2-update.win32_1.0.0.201904181610/tools/bin/../lib/gcc/arm-none-eabi/7.3.1/../../../../arm-none-eabi/lib/thumb/v7e-m/fpv4-sp/hard/crt0.o
[...]
Memory Configuration

Name             Origin             Length             Attributes
CCMRAM           0x0000000010000000 0x0000000000001000 xrw
RAM              0x0000000020000000 0x0000000000003000 xrw
FLASH            0x0000000008000000 0x0000000000010000 xr
*default*        0x0000000000000000 0xffffffffffffffff

Linker script and memory map

LOAD c:/st/stm32cubeide_1.3.0/stm32cubeide/plugins/com.st.stm32cube.ide.mcu.externaltools.gnu-tools-for-stm32.7-2018-q2-update.win32_1.0.0.201904181610/tools/bin/../lib/gcc/arm-none-eabi/7.3.1/thumb/v7e-m/fpv4-sp/hard/crti.o
LOAD c:/st/stm32cubeide_1.3.0/stm32cubeide/plugins/com.st.stm32cube.ide.mcu.externaltools.gnu-tools-for-stm32.7-2018-q2-update.win32_1.0.0.201904181610/tools/bin/../lib/gcc/arm-none-eabi/7.3.1/thumb/v7e-m/fpv4-sp/hard/crtbegin.o
LOAD c:/st/stm32cubeide_1.3.0/stm32cubeide/plugins/com.st.stm32cube.ide.mcu.externaltools.gnu-tools-for-stm32.7-2018-q2-update.win32_1.0.0.201904181610/tools/bin/../lib/gcc/arm-none-eabi/7.3.1/../../../../arm-none-eabi/lib/thumb/v7e-m/fpv4-sp/hard/crt0.o
LOAD Core/Src/main.o
LOAD Core/Src/stm32f3xx_hal_msp.o
LOAD Core/Src/stm32f3xx_it.o
LOAD Core/Src/syscalls.o
LOAD Core/Src/sysmem.o
LOAD Core/Src/system_stm32f3xx.o
LOAD Core/Startup/startup_stm32f303k8tx.o
LOAD Drivers/STM32F3xx_HAL_Driver/stm32f3xx_hal.o
LOAD Drivers/STM32F3xx_HAL_Driver/stm32f3xx_hal_cortex.o
LOAD Drivers/STM32F3xx_HAL_Driver/stm32f3xx_hal_dma.o
LOAD Drivers/STM32F3xx_HAL_Driver/stm32f3xx_hal_flash.o
LOAD Drivers/STM32F3xx_HAL_Driver/stm32f3xx_hal_flash_ex.o
LOAD Drivers/STM32F3xx_HAL_Driver/stm32f3xx_hal_gpio.o
LOAD Drivers/STM32F3xx_HAL_Driver/stm32f3xx_hal_i2c.o
LOAD Drivers/STM32F3xx_HAL_Driver/stm32f3xx_hal_i2c_ex.o
LOAD Drivers/STM32F3xx_HAL_Driver/stm32f3xx_hal_pwr.o
LOAD Drivers/STM32F3xx_HAL_Driver/stm32f3xx_hal_pwr_ex.o
LOAD Drivers/STM32F3xx_HAL_Driver/stm32f3xx_hal_rcc.o
LOAD Drivers/STM32F3xx_HAL_Driver/stm32f3xx_hal_rcc_ex.o
LOAD Drivers/STM32F3xx_HAL_Driver/stm32f3xx_hal_tim.o
LOAD Drivers/STM32F3xx_HAL_Driver/stm32f3xx_hal_tim_ex.o
START GROUP
LOAD c:/st/stm32cubeide_1.3.0/stm32cubeide/plugins/com.st.stm32cube.ide.mcu.externaltools.gnu-tools-for-stm32.7-2018-q2-update.win32_1.0.0.201904181610/tools/bin/../lib/gcc/arm-none-eabi/7.3.1/../../../../arm-none-eabi/lib/thumb/v7e-m/fpv4-sp/hard\libc_nano.a
LOAD c:/st/stm32cubeide_1.3.0/stm32cubeide/plugins/com.st.stm32cube.ide.mcu.externaltools.gnu-tools-for-stm32.7-2018-q2-update.win32_1.0.0.201904181610/tools/bin/../lib/gcc/arm-none-eabi/7.3.1/../../../../arm-none-eabi/lib/thumb/v7e-m/fpv4-sp/hard\libm.a
END GROUP
START GROUP
LOAD c:/st/stm32cubeide_1.3.0/stm32cubeide/plugins/com.st.stm32cube.ide.mcu.externaltools.gnu-tools-for-stm32.7-2018-q2-update.win32_1.0.0.201904181610/tools/bin/../lib/gcc/arm-none-eabi/7.3.1/thumb/v7e-m/fpv4-sp/hard\libgcc.a
LOAD c:/st/stm32cubeide_1.3.0/stm32cubeide/plugins/com.st.stm32cube.ide.mcu.externaltools.gnu-tools-for-stm32.7-2018-q2-update.win32_1.0.0.201904181610/tools/bin/../lib/gcc/arm-none-eabi/7.3.1/../../../../arm-none-eabi/lib/thumb/v7e-m/fpv4-sp/hard\libc_nano.a
END GROUP
START GROUP
LOAD c:/st/stm32cubeide_1.3.0/stm32cubeide/plugins/com.st.stm32cube.ide.mcu.externaltools.gnu-tools-for-stm32.7-2018-q2-update.win32_1.0.0.201904181610/tools/bin/../lib/gcc/arm-none-eabi/7.3.1/thumb/v7e-m/fpv4-sp/hard\libgcc.a
LOAD c:/st/stm32cubeide_1.3.0/stm32cubeide/plugins/com.st.stm32cube.ide.mcu.externaltools.gnu-tools-for-stm32.7-2018-q2-update.win32_1.0.0.201904181610/tools/bin/../lib/gcc/arm-none-eabi/7.3.1/../../../../arm-none-eabi/lib/thumb/v7e-m/fpv4-sp/hard\libc_nano.a
LOAD c:/st/stm32cubeide_1.3.0/stm32cubeide/plugins/com.st.stm32cube.ide.mcu.externaltools.gnu-tools-for-stm32.7-2018-q2-update.win32_1.0.0.201904181610/tools/bin/../lib/gcc/arm-none-eabi/7.3.1/../../../../arm-none-eabi/lib/thumb/v7e-m/fpv4-sp/hard\libnosys.a
END GROUP
START GROUP
LOAD c:/st/stm32cubeide_1.3.0/stm32cubeide/plugins/com.st.stm32cube.ide.mcu.externaltools.gnu-tools-for-stm32.7-2018-q2-update.win32_1.0.0.201904181610/tools/bin/../lib/gcc/arm-none-eabi/7.3.1/thumb/v7e-m/fpv4-sp/hard\libgcc.a
LOAD c:/st/stm32cubeide_1.3.0/stm32cubeide/plugins/com.st.stm32cube.ide.mcu.externaltools.gnu-tools-for-stm32.7-2018-q2-update.win32_1.0.0.201904181610/tools/bin/../lib/gcc/arm-none-eabi/7.3.1/../../../../arm-none-eabi/lib/thumb/v7e-m/fpv4-sp/hard\libc_nano.a
LOAD c:/st/stm32cubeide_1.3.0/stm32cubeide/plugins/com.st.stm32cube.ide.mcu.externaltools.gnu-tools-for-stm32.7-2018-q2-update.win32_1.0.0.201904181610/tools/bin/../lib/gcc/arm-none-eabi/7.3.1/../../../../arm-none-eabi/lib/thumb/v7e-m/fpv4-sp/hard\libnosys.a
END GROUP
LOAD c:/st/stm32cubeide_1.3.0/stm32cubeide/plugins/com.st.stm32cube.ide.mcu.externaltools.gnu-tools-for-stm32.7-2018-q2-update.win32_1.0.0.201904181610/tools/bin/../lib/gcc/arm-none-eabi/7.3.1/thumb/v7e-m/fpv4-sp/hard/crtend.o
LOAD c:/st/stm32cubeide_1.3.0/stm32cubeide/plugins/com.st.stm32cube.ide.mcu.externaltools.gnu-tools-for-stm32.7-2018-q2-update.win32_1.0.0.201904181610/tools/bin/../lib/gcc/arm-none-eabi/7.3.1/thumb/v7e-m/fpv4-sp/hard/crtn.o
                0x0000000020003000                _estack = (ORIGIN (RAM) + LENGTH (RAM))
                0x0000000000000200                _Min_Heap_Size = 0x200
                0x0000000000000400                _Min_Stack_Size = 0x400

.isr_vector     0x0000000008000000      0x188
                0x0000000008000000                . = ALIGN (0x4)
 *(.isr_vector)
 .isr_vector    0x0000000008000000      0x188 Core/Startup/startup_stm32f303k8tx.o
                0x0000000008000000                g_pfnVectors
                0x0000000008000188                . = ALIGN (0x4)

.text           0x0000000008000188     0x33a4
                0x0000000008000188                . = ALIGN (0x4)
 *(.text)
 .text          0x0000000008000188       0x40 c:/st/stm32cubeide_1.3.0/stm32cubeide/plugins/com.st.stm32cube.ide.mcu.externaltools.gnu-tools-for-stm32.7-2018-q2-update.win32_1.0.0.201904181610/tools/bin/../lib/gcc/arm-none-eabi/7.3.1/thumb/v7e-m/fpv4-sp/hard/crtbegin.o
 *(.text*)
 .text.SW1      0x00000000080001c8       0x14 Core/Src/main.o
                0x00000000080001c8                SW1
 .text.SW2      0x00000000080001dc       0x14 Core/Src/main.o
                0x00000000080001dc                SW2
 .text.SW4      0x00000000080001f0       0x14 Core/Src/main.o
                0x00000000080001f0                SW4
 .text.SW6      0x0000000008000204       0x18 Core/Src/main.o
                0x0000000008000204                SW6
 .text.SW7      0x000000000800021c       0x16 Core/Src/main.o
                0x000000000800021c                SW7
 *fill*         0x0000000008000232        0x2 
 .text.SW8      0x0000000008000234       0x18 Core/Src/main.o
                0x0000000008000234                SW8
 .text.motor1   0x000000000800024c       0xb8 Core/Src/main.o
                0x000000000800024c                motor1
 .text.motor2   0x0000000008000304       0xbc Core/Src/main.o
                0x0000000008000304                motor2
 .text.motor3   0x00000000080003c0       0xb8 Core/Src/main.o
                0x00000000080003c0                motor3
 .text.main     0x0000000008000478       0xb0 Core/Src/main.o
                0x0000000008000478                main
 .text.SystemClock_Config
                0x0000000008000528       0xb0 Core/Src/main.o
                0x0000000008000528                SystemClock_Config
 .text.MX_TIM1_Init
                0x00000000080005d8      0x188 Core/Src/main.o
 .text.MX_TIM2_Init
                0x0000000008000760      0x104 Core/Src/main.o
 .text.MX_GPIO_Init
                0x0000000008000864       0xa4 Core/Src/main.o
 .text.Error_Handler
                0x0000000008000908        0xe Core/Src/main.o
                0x0000000008000908                Error_Handler
 *fill*         0x0000000008000916        0x2 
 .text.HAL_MspInit
                0x0000000008000918       0x48 Core/Src/stm32f3xx_hal_msp.o
                0x0000000008000918                HAL_MspInit
 .text.HAL_TIM_Base_MspInit
                0x0000000008000960       0x64 Core/Src/stm32f3xx_hal_msp.o
                0x0000000008000960                HAL_TIM_Base_MspInit
 .text.HAL_TIM_MspPostInit
                0x00000000080009c4       0xd8 Core/Src/stm32f3xx_hal_msp.o
                0x00000000080009c4                HAL_TIM_MspPostInit
 .text.NMI_Handler
                0x0000000008000a9c        0xe Core/Src/stm32f3xx_it.o
                0x0000000008000a9c                NMI_Handler
 .text.HardFault_Handler
                0x0000000008000aaa        0x6 Core/Src/stm32f3xx_it.o
                0x0000000008000aaa                HardFault_Handler
 .text.MemManage_Handler
                0x0000000008000ab0        0x6 Core/Src/stm32f3xx_it.o
                0x0000000008000ab0                MemManage_Handler
 .text.BusFault_Handler
                0x0000000008000ab6        0x6 Core/Src/stm32f3xx_it.o
                0x0000000008000ab6                BusFault_Handler
 .text.UsageFault_Handler
                0x0000000008000abc        0x6 Core/Src/stm32f3xx_it.o
                0x0000000008000abc                UsageFault_Handler
 .text.SVC_Handler
                0x0000000008000ac2        0xe Core/Src/stm32f3xx_it.o
                0x0000000008000ac2                SVC_Handler
 .text.DebugMon_Handler
                0x0000000008000ad0        0xe Core/Src/stm32f3xx_it.o
                0x0000000008000ad0                DebugMon_Handler
 .text.PendSV_Handler
                0x0000000008000ade        0xe Core/Src/stm32f3xx_it.o
                0x0000000008000ade                PendSV_Handler
 .text.SysTick_Handler
                0x0000000008000aec        0xc Core/Src/stm32f3xx_it.o
                0x0000000008000aec                SysTick_Handler
 .text.SystemInit
                0x0000000008000af8       0x94 Core/Src/system_stm32f3xx.o
                0x0000000008000af8                SystemInit
 .text.Reset_Handler
                0x0000000008000b8c       0x50 Core/Startup/startup_stm32f303k8tx.o
                0x0000000008000b8c                Reset_Handler
 .text.Default_Handler
                0x0000000008000bdc        0x2 Core/Startup/startup_stm32f303k8tx.o
                0x0000000008000bdc                RTC_Alarm_IRQHandler
                0x0000000008000bdc                TIM1_CC_IRQHandler
                0x0000000008000bdc                PVD_IRQHandler
                0x0000000008000bdc                TAMP_STAMP_IRQHandler
                0x0000000008000bdc                EXTI3_IRQHandler
                0x0000000008000bdc                EXTI0_IRQHandler
                0x0000000008000bdc                FPU_IRQHandler
                0x0000000008000bdc                CAN_TX_IRQHandler
                0x0000000008000bdc                TIM1_UP_TIM16_IRQHandler
                0x0000000008000bdc                ADC1_2_IRQHandler
                0x0000000008000bdc                SPI1_IRQHandler
                0x0000000008000bdc                CAN_SCE_IRQHandler
                0x0000000008000bdc                DMA1_Channel4_IRQHandler
                0x0000000008000bdc                USART3_IRQHandler
                0x0000000008000bdc                DMA1_Channel7_IRQHandler
                0x0000000008000bdc                TIM7_DAC2_IRQHandler
                0x0000000008000bdc                CAN_RX1_IRQHandler
                0x0000000008000bdc                I2C1_EV_IRQHandler
                0x0000000008000bdc                DMA1_Channel6_IRQHandler
                0x0000000008000bdc                TIM3_IRQHandler
                0x0000000008000bdc                RCC_IRQHandler
                0x0000000008000bdc                DMA1_Channel1_IRQHandler
                0x0000000008000bdc                Default_Handler
                0x0000000008000bdc                EXTI15_10_IRQHandler
                0x0000000008000bdc                COMP2_IRQHandler
                0x0000000008000bdc                TIM6_DAC1_IRQHandler
                0x0000000008000bdc                EXTI9_5_IRQHandler
                0x0000000008000bdc                RTC_WKUP_IRQHandler
                0x0000000008000bdc                DMA1_Channel5_IRQHandler
                0x0000000008000bdc                EXTI4_IRQHandler
                0x0000000008000bdc                TIM1_TRG_COM_TIM17_IRQHandler
                0x0000000008000bdc                DMA1_Channel3_IRQHandler
                0x0000000008000bdc                WWDG_IRQHandler
                0x0000000008000bdc                TIM2_IRQHandler
                0x0000000008000bdc                EXTI1_IRQHandler
                0x0000000008000bdc                COMP4_6_IRQHandler
                0x0000000008000bdc                USART2_IRQHandler
                0x0000000008000bdc                DMA1_Channel2_IRQHandler
                0x0000000008000bdc                FLASH_IRQHandler
                0x0000000008000bdc                USART1_IRQHandler
                0x0000000008000bdc                CAN_RX0_IRQHandler
                0x0000000008000bdc                I2C1_ER_IRQHandler
                0x0000000008000bdc                EXTI2_TSC_IRQHandler
                0x0000000008000bdc                TIM1_BRK_TIM15_IRQHandler
 *fill*         0x0000000008000bde        0x2 
 .text.HAL_Init
                0x0000000008000be0       0x2c Drivers/STM32F3xx_HAL_Driver/stm32f3xx_hal.o
                0x0000000008000be0                HAL_Init
 .text.HAL_InitTick
                0x0000000008000c0c       0x60 Drivers/STM32F3xx_HAL_Driver/stm32f3xx_hal.o
                0x0000000008000c0c                HAL_InitTick
 .text.HAL_IncTick
                0x0000000008000c6c       0x28 Drivers/STM32F3xx_HAL_Driver/stm32f3xx_hal.o
                0x0000000008000c6c                HAL_IncTick
 .text.HAL_GetTick
                0x0000000008000c94       0x18 Drivers/STM32F3xx_HAL_Driver/stm32f3xx_hal.o
                0x0000000008000c94                HAL_GetTick
 .text.HAL_Delay
                0x0000000008000cac       0x44 Drivers/STM32F3xx_HAL_Driver/stm32f3xx_hal.o
                0x0000000008000cac                HAL_Delay
 .text.NVIC_SetPriorityGrouping
                0x0000000008000cf0       0x48 Drivers/STM32F3xx_HAL_Driver/stm32f3xx_hal_cortex.o
 .text.NVIC_GetPriorityGrouping
                0x0000000008000d38       0x1c Drivers/STM32F3xx_HAL_Driver/stm32f3xx_hal_cortex.o
 .text.NVIC_SetPriority
                0x0000000008000d54       0x54 Drivers/STM32F3xx_HAL_Driver/stm32f3xx_hal_cortex.o
 .text.NVIC_EncodePriority
                0x0000000008000da8       0x66 Drivers/STM32F3xx_HAL_Driver/stm32f3xx_hal_cortex.o
 *fill*         0x0000000008000e0e        0x2 
 .text.SysTick_Config
                0x0000000008000e10       0x44 Drivers/STM32F3xx_HAL_Driver/stm32f3xx_hal_cortex.o
 .text.HAL_NVIC_SetPriorityGrouping
                0x0000000008000e54       0x16 Drivers/STM32F3xx_HAL_Driver/stm32f3xx_hal_cortex.o
                0x0000000008000e54                HAL_NVIC_SetPriorityGrouping
 .text.HAL_NVIC_SetPriority
                0x0000000008000e6a       0x38 Drivers/STM32F3xx_HAL_Driver/stm32f3xx_hal_cortex.o
                0x0000000008000e6a                HAL_NVIC_SetPriority
 .text.HAL_SYSTICK_Config
                0x0000000008000ea2       0x18 Drivers/STM32F3xx_HAL_Driver/stm32f3xx_hal_cortex.o
                0x0000000008000ea2                HAL_SYSTICK_Config
 *fill*         0x0000000008000eba        0x2 
 .text.HAL_GPIO_Init
                0x0000000008000ebc      0x2ec Drivers/STM32F3xx_HAL_Driver/stm32f3xx_hal_gpio.o
                0x0000000008000ebc                HAL_GPIO_Init
 .text.HAL_GPIO_ReadPin
                0x00000000080011a8       0x30 Drivers/STM32F3xx_HAL_Driver/stm32f3xx_hal_gpio.o
                0x00000000080011a8                HAL_GPIO_ReadPin
 .text.HAL_RCC_OscConfig
                0x00000000080011d8      0xddc Drivers/STM32F3xx_HAL_Driver/stm32f3xx_hal_rcc.o
                0x00000000080011d8                HAL_RCC_OscConfig
 .text.HAL_RCC_ClockConfig
                0x0000000008001fb4      0x2f8 Drivers/STM32F3xx_HAL_Driver/stm32f3xx_hal_rcc.o
                0x0000000008001fb4                HAL_RCC_ClockConfig
 .text.HAL_RCC_GetSysClockFreq
                0x00000000080022ac       0xd4 Drivers/STM32F3xx_HAL_Driver/stm32f3xx_hal_rcc.o
                0x00000000080022ac                HAL_RCC_GetSysClockFreq
 .text.HAL_RCCEx_PeriphCLKConfig
                0x0000000008002380      0x24c Drivers/STM32F3xx_HAL_Driver/stm32f3xx_hal_rcc_ex.o
                0x0000000008002380                HAL_RCCEx_PeriphCLKConfig
 .text.HAL_TIM_Base_Init
                0x00000000080025cc       0x56 Drivers/STM32F3xx_HAL_Driver/stm32f3xx_hal_tim.o
                0x00000000080025cc                HAL_TIM_Base_Init
 .text.HAL_TIM_PWM_Init
                0x0000000008002622       0x56 Drivers/STM32F3xx_HAL_Driver/stm32f3xx_hal_tim.o
                0x0000000008002622                HAL_TIM_PWM_Init
 .text.HAL_TIM_PWM_MspInit
                0x0000000008002678       0x14 Drivers/STM32F3xx_HAL_Driver/stm32f3xx_hal_tim.o
                0x0000000008002678                HAL_TIM_PWM_MspInit
 .text.HAL_TIM_PWM_Start
                0x000000000800268c       0x84 Drivers/STM32F3xx_HAL_Driver/stm32f3xx_hal_tim.o
                0x000000000800268c                HAL_TIM_PWM_Start
 .text.HAL_TIM_ConfigClockSource
                0x0000000008002710      0x1c4 Drivers/STM32F3xx_HAL_Driver/stm32f3xx_hal_tim.o
                0x0000000008002710                HAL_TIM_ConfigClockSource
 .text.TIM_Base_SetConfig
                0x00000000080028d4       0xf4 Drivers/STM32F3xx_HAL_Driver/stm32f3xx_hal_tim.o
                0x00000000080028d4                TIM_Base_SetConfig
 .text.TIM_OC1_SetConfig
                0x00000000080029c8      0x118 Drivers/STM32F3xx_HAL_Driver/stm32f3xx_hal_tim.o
                0x00000000080029c8                TIM_OC1_SetConfig
 .text.TIM_OC2_SetConfig
                0x0000000008002ae0      0x10c Drivers/STM32F3xx_HAL_Driver/stm32f3xx_hal_tim.o
                0x0000000008002ae0                TIM_OC2_SetConfig
 .text.TIM_OC3_SetConfig
                0x0000000008002bec      0x108 Drivers/STM32F3xx_HAL_Driver/stm32f3xx_hal_tim.o
                0x0000000008002bec                TIM_OC3_SetConfig
 .text.TIM_OC4_SetConfig
                0x0000000008002cf4       0xd4 Drivers/STM32F3xx_HAL_Driver/stm32f3xx_hal_tim.o
                0x0000000008002cf4                TIM_OC4_SetConfig
 .text.TIM_TI1_ConfigInputStage
                0x0000000008002dc8       0x66 Drivers/STM32F3xx_HAL_Driver/stm32f3xx_hal_tim.o
 .text.TIM_TI2_ConfigInputStage
                0x0000000008002e2e       0x68 Drivers/STM32F3xx_HAL_Driver/stm32f3xx_hal_tim.o
 .text.TIM_ITRx_SetConfig
                0x0000000008002e96       0x40 Drivers/STM32F3xx_HAL_Driver/stm32f3xx_hal_tim.o
 .text.TIM_ETR_SetConfig
                0x0000000008002ed6       0x44 Drivers/STM32F3xx_HAL_Driver/stm32f3xx_hal_tim.o
                0x0000000008002ed6                TIM_ETR_SetConfig
 .text.TIM_CCxChannelCmd
                0x0000000008002f1a       0x46 Drivers/STM32F3xx_HAL_Driver/stm32f3xx_hal_tim.o
                0x0000000008002f1a                TIM_CCxChannelCmd
 .text.HAL_TIM_PWM_ConfigChannel
                0x0000000008002f60      0x230 Drivers/STM32F3xx_HAL_Driver/stm32f3xx_hal_tim_ex.o
                0x0000000008002f60                HAL_TIM_PWM_ConfigChannel
 .text.HAL_TIMEx_MasterConfigSynchronization
                0x0000000008003190       0x9c Drivers/STM32F3xx_HAL_Driver/stm32f3xx_hal_tim_ex.o
                0x0000000008003190                HAL_TIMEx_MasterConfigSynchronization
 .text.HAL_TIMEx_ConfigBreakDeadTime
                0x000000000800322c       0xfc Drivers/STM32F3xx_HAL_Driver/stm32f3xx_hal_tim_ex.o
                0x000000000800322c                HAL_TIMEx_ConfigBreakDeadTime
 .text.TIM_OC5_SetConfig
                0x0000000008003328       0xc8 Drivers/STM32F3xx_HAL_Driver/stm32f3xx_hal_tim_ex.o
 .text.TIM_OC6_SetConfig
                0x00000000080033f0       0xcc Drivers/STM32F3xx_HAL_Driver/stm32f3xx_hal_tim_ex.o
 .text.__libc_init_array
                0x00000000080034bc       0x48 c:/st/stm32cubeide_1.3.0/stm32cubeide/plugins/com.st.stm32cube.ide.mcu.externaltools.gnu-tools-for-stm32.7-2018-q2-update.win32_1.0.0.201904181610/tools/bin/../lib/gcc/arm-none-eabi/7.3.1/../../../../arm-none-eabi/lib/thumb/v7e-m/fpv4-sp/hard\libc_nano.a(lib_a-init.o)
                0x00000000080034bc                __libc_init_array
 .text.memset   0x0000000008003504       0x10 c:/st/stm32cubeide_1.3.0/stm32cubeide/plugins/com.st.stm32cube.ide.mcu.externaltools.gnu-tools-for-stm32.7-2018-q2-update.win32_1.0.0.201904181610/tools/bin/../lib/gcc/arm-none-eabi/7.3.1/../../../../arm-none-eabi/lib/thumb/v7e-m/fpv4-sp/hard\libc_nano.a(lib_a-memset.o)
                0x0000000008003504                memset
 *(.glue_7)
 .glue_7        0x0000000008003514        0x0 linker stubs
 *(.glue_7t)
 .glue_7t       0x0000000008003514        0x0 linker stubs
 *(.eh_frame)
 .eh_frame      0x0000000008003514        0x0 c:/st/stm32cubeide_1.3.0/stm32cubeide/plugins/com.st.stm32cube.ide.mcu.externaltools.gnu-tools-for-stm32.7-2018-q2-update.win32_1.0.0.201904181610/tools/bin/../lib/gcc/arm-none-eabi/7.3.1/thumb/v7e-m/fpv4-sp/hard/crtbegin.o
 *(.init)
 .init          0x0000000008003514        0x4 c:/st/stm32cubeide_1.3.0/stm32cubeide/plugins/com.st.stm32cube.ide.mcu.externaltools.gnu-tools-for-stm32.7-2018-q2-update.win32_1.0.0.201904181610/tools/bin/../lib/gcc/arm-none-eabi/7.3.1/thumb/v7e-m/fpv4-sp/hard/crti.o
                0x0000000008003514                _init
 .init          0x0000000008003518        0x8 c:/st/stm32cubeide_1.3.0/stm32cubeide/plugins/com.st.stm32cube.ide.mcu.externaltools.gnu-tools-for-stm32.7-2018-q2-update.win32_1.0.0.201904181610/tools/bin/../lib/gcc/arm-none-eabi/7.3.1/thumb/v7e-m/fpv4-sp/hard/crtn.o
 *(.fini)
 .fini          0x0000000008003520        0x4 c:/st/stm32cubeide_1.3.0/stm32cubeide/plugins/com.st.stm32cube.ide.mcu.externaltools.gnu-tools-for-stm32.7-2018-q2-update.win32_1.0.0.201904181610/tools/bin/../lib/gcc/arm-none-eabi/7.3.1/thumb/v7e-m/fpv4-sp/hard/crti.o
                0x0000000008003520                _fini
 .fini          0x0000000008003524        0x8 c:/st/stm32cubeide_1.3.0/stm32cubeide/plugins/com.st.stm32cube.ide.mcu.externaltools.gnu-tools-for-stm32.7-2018-q2-update.win32_1.0.0.201904181610/tools/bin/../lib/gcc/arm-none-eabi/7.3.1/thumb/v7e-m/fpv4-sp/hard/crtn.o
                0x000000000800352c                . = ALIGN (0x4)
                0x000000000800352c                _etext = .

.vfp11_veneer   0x000000000800352c        0x0
 .vfp11_veneer  0x000000000800352c        0x0 linker stubs

.v4_bx          0x000000000800352c        0x0
 .v4_bx         0x000000000800352c        0x0 linker stubs

.iplt           0x000000000800352c        0x0
 .iplt          0x000000000800352c        0x0 c:/st/stm32cubeide_1.3.0/stm32cubeide/plugins/com.st.stm32cube.ide.mcu.externaltools.gnu-tools-for-stm32.7-2018-q2-update.win32_1.0.0.201904181610/tools/bin/../lib/gcc/arm-none-eabi/7.3.1/thumb/v7e-m/fpv4-sp/hard/crtbegin.o

.rodata         0x000000000800352c       0x30
                0x000000000800352c                . = ALIGN (0x4)
 *(.rodata)
 *(.rodata*)
 .rodata.AHBPrescTable
                0x000000000800352c       0x10 Core/Src/system_stm32f3xx.o
                0x000000000800352c                AHBPrescTable
 .rodata.aPLLMULFactorTable
                0x000000000800353c       0x10 Drivers/STM32F3xx_HAL_Driver/stm32f3xx_hal_rcc.o
                0x000000000800353c                aPLLMULFactorTable
 .rodata.aPredivFactorTable
                0x000000000800354c       0x10 Drivers/STM32F3xx_HAL_Driver/stm32f3xx_hal_rcc.o
                0x000000000800354c                aPredivFactorTable
                0x000000000800355c                . = ALIGN (0x4)

.rel.dyn        0x000000000800355c        0x0
 .rel.iplt      0x000000000800355c        0x0 c:/st/stm32cubeide_1.3.0/stm32cubeide/plugins/com.st.stm32cube.ide.mcu.externaltools.gnu-tools-for-stm32.7-2018-q2-update.win32_1.0.0.201904181610/tools/bin/../lib/gcc/arm-none-eabi/7.3.1/thumb/v7e-m/fpv4-sp/hard/crtbegin.o

.ARM.extab      0x000000000800355c        0x0
                0x000000000800355c                . = ALIGN (0x4)
 *(.ARM.extab* .gnu.linkonce.armextab.*)
                0x000000000800355c                . = ALIGN (0x4)

.ARM            0x000000000800355c        0x0
                0x000000000800355c                . = ALIGN (0x4)
                0x000000000800355c                __exidx_start = .
 *(.ARM.exidx*)
                0x000000000800355c                __exidx_end = .
                0x000000000800355c                . = ALIGN (0x4)

.preinit_array  0x000000000800355c        0x0
                0x000000000800355c                . = ALIGN (0x4)
                0x000000000800355c                PROVIDE (__preinit_array_start = .)
 *(.preinit_array*)
                0x000000000800355c                PROVIDE (__preinit_array_end = .)
                0x000000000800355c                . = ALIGN (0x4)

.init_array     0x000000000800355c        0x4
                0x000000000800355c                . = ALIGN (0x4)
                0x000000000800355c                PROVIDE (__init_array_start = .)
 *(SORT_BY_NAME(.init_array.*))
 *(.init_array*)
 .init_array    0x000000000800355c        0x4 c:/st/stm32cubeide_1.3.0/stm32cubeide/plugins/com.st.stm32cube.ide.mcu.externaltools.gnu-tools-for-stm32.7-2018-q2-update.win32_1.0.0.201904181610/tools/bin/../lib/gcc/arm-none-eabi/7.3.1/thumb/v7e-m/fpv4-sp/hard/crtbegin.o
                0x0000000008003560                PROVIDE (__init_array_end = .)
                0x0000000008003560                . = ALIGN (0x4)

.fini_array     0x0000000008003560        0x4
                0x0000000008003560                . = ALIGN (0x4)
                [!provide]                        PROVIDE (__fini_array_start = .)
 *(SORT_BY_NAME(.fini_array.*))
 *(.fini_array*)
 .fini_array    0x0000000008003560        0x4 c:/st/stm32cubeide_1.3.0/stm32cubeide/plugins/com.st.stm32cube.ide.mcu.externaltools.gnu-tools-for-stm32.7-2018-q2-update.win32_1.0.0.201904181610/tools/bin/../lib/gcc/arm-none-eabi/7.3.1/thumb/v7e-m/fpv4-sp/hard/crtbegin.o
                [!provide]                        PROVIDE (__fini_array_end = .)
                0x0000000008003564                . = ALIGN (0x4)
                0x0000000008003564                _sidata = LOADADDR (.data)

.data           0x0000000020000000        0xc load address 0x0000000008003564
                0x0000000020000000                . = ALIGN (0x4)
                0x0000000020000000                _sdata = .
 *(.data)
 *(.data*)
 .data.SystemCoreClock
                0x0000000020000000        0x4 Core/Src/system_stm32f3xx.o
                0x0000000020000000                SystemCoreClock
 .data.uwTickPrio
                0x0000000020000004        0x4 Drivers/STM32F3xx_HAL_Driver/stm32f3xx_hal.o
                0x0000000020000004                uwTickPrio
 .data.uwTickFreq
                0x0000000020000008        0x1 Drivers/STM32F3xx_HAL_Driver/stm32f3xx_hal.o
                0x0000000020000008                uwTickFreq
                0x000000002000000c                . = ALIGN (0x4)
 *fill*         0x0000000020000009        0x3 
                0x000000002000000c                _edata = .

.igot.plt       0x000000002000000c        0x0 load address 0x0000000008003570
 .igot.plt      0x000000002000000c        0x0 c:/st/stm32cubeide_1.3.0/stm32cubeide/plugins/com.st.stm32cube.ide.mcu.externaltools.gnu-tools-for-stm32.7-2018-q2-update.win32_1.0.0.201904181610/tools/bin/../lib/gcc/arm-none-eabi/7.3.1/thumb/v7e-m/fpv4-sp/hard/crtbegin.o
                0x000000002000000c                . = ALIGN (0x4)

.bss            0x000000002000000c       0xc8 load address 0x0000000008003570
                0x000000002000000c                _sbss = .
                0x000000002000000c                __bss_start__ = _sbss
 *(.bss)
 .bss           0x000000002000000c       0x1c c:/st/stm32cubeide_1.3.0/stm32cubeide/plugins/com.st.stm32cube.ide.mcu.externaltools.gnu-tools-for-stm32.7-2018-q2-update.win32_1.0.0.201904181610/tools/bin/../lib/gcc/arm-none-eabi/7.3.1/thumb/v7e-m/fpv4-sp/hard/crtbegin.o
 *(.bss*)
 .bss.sMasterConfig
                0x0000000020000028        0xc Core/Src/main.o
                0x0000000020000028                sMasterConfig
 .bss.sConfigOC
                0x0000000020000034       0x1c Core/Src/main.o
                0x0000000020000034                sConfigOC
 *(COMMON)
 COMMON         0x0000000020000050       0x80 Core/Src/main.o
                0x0000000020000050                htim1
                0x0000000020000090                htim2
 COMMON         0x00000000200000d0        0x4 Drivers/STM32F3xx_HAL_Driver/stm32f3xx_hal.o
                0x00000000200000d0                uwTick
                0x00000000200000d4                . = ALIGN (0x4)
                0x00000000200000d4                _ebss = .
                0x00000000200000d4                __bss_end__ = _ebss

._user_heap_stack
                0x00000000200000d4      0x604 load address 0x0000000008003570
                0x00000000200000d8                . = ALIGN (0x8)
 *fill*         0x00000000200000d4        0x4 
                0x00000000200000d8                PROVIDE (end = .)
                [!provide]                        PROVIDE (_end = .)
                0x00000000200002d8                . = (. + _Min_Heap_Size)
 *fill*         0x00000000200000d8      0x200 
                0x00000000200006d8                . = (. + _Min_Stack_Size)
 *fill*         0x00000000200002d8      0x400 
                0x00000000200006d8                . = ALIGN (0x8)

/DISCARD/
 libc.a(*)
 libm.a(*)
 libgcc.a(*)

.ARM.attributes
                0x0000000000000000       0x30
 *(.ARM.attributes)
 .ARM.attributes
                0x0000000000000000       0x22 c:/st/stm32cubeide_1.3.0/stm32cubeide/plugins/com.st.stm32cube.ide.mcu.externaltools.gnu-tools-for-stm32.7-2018-q2-update.win32_1.0.0.201904181610/tools/bin/../lib/gcc/arm-none-eabi/7.3.1/thumb/v7e-m/fpv4-sp/hard/crti.o
 .ARM.attributes
                0x0000000000000022       0x34 c:/st/stm32cubeide_1.3.0/stm32cubeide/plugins/com.st.stm32cube.ide.mcu.externaltools.gnu-tools-for-stm32.7-2018-q2-update.win32_1.0.0.201904181610/tools/bin/../lib/gcc/arm-none-eabi/7.3.1/thumb/v7e-m/fpv4-sp/hard/crtbegin.o
 .ARM.attributes
                0x0000000000000056       0x39 Core/Src/main.o
 .ARM.attributes
                0x000000000000008f       0x39 Core/Src/stm32f3xx_hal_msp.o
 .ARM.attributes
                0x00000000000000c8       0x39 Core/Src/stm32f3xx_it.o
 .ARM.attributes
                0x0000000000000101       0x39 Core/Src/system_stm32f3xx.o
 .ARM.attributes
                0x000000000000013a       0x21 Core/Startup/startup_stm32f303k8tx.o
 .ARM.attributes
                0x000000000000015b       0x39 Drivers/STM32F3xx_HAL_Driver/stm32f3xx_hal.o
 .ARM.attributes
                0x0000000000000194       0x39 Drivers/STM32F3xx_HAL_Driver/stm32f3xx_hal_cortex.o
 .ARM.attributes
                0x00000000000001cd       0x39 Drivers/STM32F3xx_HAL_Driver/stm32f3xx_hal_gpio.o
 .ARM.attributes
                0x0000000000000206       0x39 Drivers/STM32F3xx_HAL_Driver/stm32f3xx_hal_rcc.o
 .ARM.attributes
                0x000000000000023f       0x39 Drivers/STM32F3xx_HAL_Driver/stm32f3xx_hal_rcc_ex.o
 .ARM.attributes
                0x0000000000000278       0x39 Drivers/STM32F3xx_HAL_Driver/stm32f3xx_hal_tim.o
 .ARM.attributes
                0x00000000000002b1       0x39 Drivers/STM32F3xx_HAL_Driver/stm32f3xx_hal_tim_ex.o
 .ARM.attributes
                0x00000000000002ea       0x34 c:/st/stm32cubeide_1.3.0/stm32cubeide/plugins/com.st.stm32cube.ide.mcu.externaltools.gnu-tools-for-stm32.7-2018-q2-update.win32_1.0.0.201904181610/tools/bin/../lib/gcc/arm-none-eabi/7.3.1/../../../../arm-none-eabi/lib/thumb/v7e-m/fpv4-sp/hard\libc_nano.a(lib_a-init.o)
 .ARM.attributes
                0x000000000000031e       0x34 c:/st/stm32cubeide_1.3.0/stm32cubeide/plugins/com.st.stm32cube.ide.mcu.externaltools.gnu-tools-for-stm32.7-2018-q2-update.win32_1.0.0.201904181610/tools/bin/../lib/gcc/arm-none-eabi/7.3.1/../../../../arm-none-eabi/lib/thumb/v7e-m/fpv4-sp/hard\libc_nano.a(lib_a-memset.o)
 .ARM.attributes
                0x0000000000000352       0x22 c:/st/stm32cubeide_1.3.0/stm32cubeide/plugins/com.st.stm32cube.ide.mcu.externaltools.gnu-tools-for-stm32.7-2018-q2-update.win32_1.0.0.201904181610/tools/bin/../lib/gcc/arm-none-eabi/7.3.1/thumb/v7e-m/fpv4-sp/hard/crtn.o
OUTPUT(kounaijiai_2019.elf elf32-littlearm)

.debug_info     0x0000000000000000     0xe497
 .debug_info    0x0000000000000000     0x15f3 Core/Src/main.o
 .debug_info    0x00000000000015f3     0x1127 Core/Src/stm32f3xx_hal_msp.o
 .debug_info    0x000000000000271a      0xa1f Core/Src/stm32f3xx_it.o
 .debug_info    0x0000000000003139      0xc6e Core/Src/system_stm32f3xx.o
 .debug_info    0x0000000000003da7       0x22 Core/Startup/startup_stm32f303k8tx.o
 .debug_info    0x0000000000003dc9      0xf5b Drivers/STM32F3xx_HAL_Driver/stm32f3xx_hal.o
 .debug_info    0x0000000000004d24     0x1359 Drivers/STM32F3xx_HAL_Driver/stm32f3xx_hal_cortex.o
 .debug_info    0x000000000000607d      0xfdf Drivers/STM32F3xx_HAL_Driver/stm32f3xx_hal_gpio.o
 .debug_info    0x000000000000705c     0x1ffd Drivers/STM32F3xx_HAL_Driver/stm32f3xx_hal_rcc.o
 .debug_info    0x0000000000009059      0xe24 Drivers/STM32F3xx_HAL_Driver/stm32f3xx_hal_rcc_ex.o
 .debug_info    0x0000000000009e7d     0x2b25 Drivers/STM32F3xx_HAL_Driver/stm32f3xx_hal_tim.o
 .debug_info    0x000000000000c9a2     0x1af5 Drivers/STM32F3xx_HAL_Driver/stm32f3xx_hal_tim_ex.o

.debug_abbrev   0x0000000000000000     0x1b50
 .debug_abbrev  0x0000000000000000      0x274 Core/Src/main.o
 .debug_abbrev  0x0000000000000274      0x219 Core/Src/stm32f3xx_hal_msp.o
 .debug_abbrev  0x000000000000048d      0x1ad Core/Src/stm32f3xx_it.o
 .debug_abbrev  0x000000000000063a      0x1e7 Core/Src/system_stm32f3xx.o
 .debug_abbrev  0x0000000000000821       0x12 Core/Startup/startup_stm32f303k8tx.o
 .debug_abbrev  0x0000000000000833      0x283 Drivers/STM32F3xx_HAL_Driver/stm32f3xx_hal.o
 .debug_abbrev  0x0000000000000ab6      0x339 Drivers/STM32F3xx_HAL_Driver/stm32f3xx_hal_cortex.o
 .debug_abbrev  0x0000000000000def      0x251 Drivers/STM32F3xx_HAL_Driver/stm32f3xx_hal_gpio.o
 .debug_abbrev  0x0000000000001040      0x314 Drivers/STM32F3xx_HAL_Driver/stm32f3xx_hal_rcc.o
 .debug_abbrev  0x0000000000001354      0x2bb Drivers/STM32F3xx_HAL_Driver/stm32f3xx_hal_rcc_ex.o
 .debug_abbrev  0x000000000000160f      0x2b2 Drivers/STM32F3xx_HAL_Driver/stm32f3xx_hal_tim.o
 .debug_abbrev  0x00000000000018c1      0x28f Drivers/STM32F3xx_HAL_Driver/stm32f3xx_hal_tim_ex.o

.debug_aranges  0x0000000000000000      0x970
 .debug_aranges
                0x0000000000000000       0xa0 Core/Src/main.o
 .debug_aranges
                0x00000000000000a0       0x38 Core/Src/stm32f3xx_hal_msp.o
 .debug_aranges
                0x00000000000000d8       0x60 Core/Src/stm32f3xx_it.o
 .debug_aranges
                0x0000000000000138       0x28 Core/Src/system_stm32f3xx.o
 .debug_aranges
                0x0000000000000160       0x28 Core/Startup/startup_stm32f303k8tx.o
 .debug_aranges
                0x0000000000000188       0xe0 Drivers/STM32F3xx_HAL_Driver/stm32f3xx_hal.o
 .debug_aranges
                0x0000000000000268      0x100 Drivers/STM32F3xx_HAL_Driver/stm32f3xx_hal_cortex.o
 .debug_aranges
                0x0000000000000368       0x58 Drivers/STM32F3xx_HAL_Driver/stm32f3xx_hal_gpio.o
 .debug_aranges
                0x00000000000003c0       0x88 Drivers/STM32F3xx_HAL_Driver/stm32f3xx_hal_rcc.o
 .debug_aranges
                0x0000000000000448       0x38 Drivers/STM32F3xx_HAL_Driver/stm32f3xx_hal_rcc_ex.o
 .debug_aranges
                0x0000000000000480      0x378 Drivers/STM32F3xx_HAL_Driver/stm32f3xx_hal_tim.o
 .debug_aranges
                0x00000000000007f8      0x178 Drivers/STM32F3xx_HAL_Driver/stm32f3xx_hal_tim_ex.o

.debug_ranges   0x0000000000000000      0x8b8
 .debug_ranges  0x0000000000000000       0x90 Core/Src/main.o
 .debug_ranges  0x0000000000000090       0x28 Core/Src/stm32f3xx_hal_msp.o
 .debug_ranges  0x00000000000000b8       0x50 Core/Src/stm32f3xx_it.o
 .debug_ranges  0x0000000000000108       0x18 Core/Src/system_stm32f3xx.o
 .debug_ranges  0x0000000000000120       0x20 Core/Startup/startup_stm32f303k8tx.o
 .debug_ranges  0x0000000000000140       0xd0 Drivers/STM32F3xx_HAL_Driver/stm32f3xx_hal.o
 .debug_ranges  0x0000000000000210       0xf0 Drivers/STM32F3xx_HAL_Driver/stm32f3xx_hal_cortex.o
 .debug_ranges  0x0000000000000300       0x48 Drivers/STM32F3xx_HAL_Driver/stm32f3xx_hal_gpio.o
 .debug_ranges  0x0000000000000348       0x78 Drivers/STM32F3xx_HAL_Driver/stm32f3xx_hal_rcc.o
 .debug_ranges  0x00000000000003c0       0x28 Drivers/STM32F3xx_HAL_Driver/stm32f3xx_hal_rcc_ex.o
 .debug_ranges  0x00000000000003e8      0x368 Drivers/STM32F3xx_HAL_Driver/stm32f3xx_hal_tim.o
 .debug_ranges  0x0000000000000750      0x168 Drivers/STM32F3xx_HAL_Driver/stm32f3xx_hal_tim_ex.o

.debug_macro    0x0000000000000000    0x17b3a
 .debug_macro   0x0000000000000000      0x308 Core/Src/main.o
 .debug_macro   0x0000000000000308      0xa5a Core/Src/main.o
 .debug_macro   0x0000000000000d62       0xa5 Core/Src/main.o
 .debug_macro   0x0000000000000e07       0x2f Core/Src/main.o
 .debug_macro   0x0000000000000e36       0x28 Core/Src/main.o
 .debug_macro   0x0000000000000e5e       0x22 Core/Src/main.o
 .debug_macro   0x0000000000000e80       0x8e Core/Src/main.o
 .debug_macro   0x0000000000000f0e       0x51 Core/Src/main.o
 .debug_macro   0x0000000000000f5f       0xef Core/Src/main.o
 .debug_macro   0x000000000000104e       0x6a Core/Src/main.o
 .debug_macro   0x00000000000010b8      0x1df Core/Src/main.o
 .debug_macro   0x0000000000001297       0x35 Core/Src/main.o
 .debug_macro   0x00000000000012cc       0x50 Core/Src/main.o
 .debug_macro   0x000000000000131c      0xd40 Core/Src/main.o
 .debug_macro   0x000000000000205c    0x10bf5 Core/Src/main.o
 .debug_macro   0x0000000000012c51       0x43 Core/Src/main.o
 .debug_macro   0x0000000000012c94       0x46 Core/Src/main.o
 .debug_macro   0x0000000000012cda       0x18 Core/Src/main.o
 .debug_macro   0x0000000000012cf2       0x3c Core/Src/main.o
 .debug_macro   0x0000000000012d2e       0x34 Core/Src/main.o
 .debug_macro   0x0000000000012d62       0x16 Core/Src/main.o
 .debug_macro   0x0000000000012d78       0x97 Core/Src/main.o
 .debug_macro   0x0000000000012e0f      0x330 Core/Src/main.o
 .debug_macro   0x000000000001313f       0xfd Core/Src/main.o
 .debug_macro   0x000000000001323c       0x10 Core/Src/main.o
 .debug_macro   0x000000000001324c       0x52 Core/Src/main.o
 .debug_macro   0x000000000001329e       0x1f Core/Src/main.o
 .debug_macro   0x00000000000132bd       0x43 Core/Src/main.o
 .debug_macro   0x0000000000013300       0x20 Core/Src/main.o
 .debug_macro   0x0000000000013320      0x1a3 Core/Src/main.o
 .debug_macro   0x00000000000134c3       0x10 Core/Src/main.o
 .debug_macro   0x00000000000134d3       0x1c Core/Src/main.o
 .debug_macro   0x00000000000134ef       0x52 Core/Src/main.o
 .debug_macro   0x0000000000013541       0x40 Core/Src/main.o
 .debug_macro   0x0000000000013581       0x10 Core/Src/main.o
 .debug_macro   0x0000000000013591       0x40 Core/Src/main.o
 .debug_macro   0x00000000000135d1       0xd7 Core/Src/main.o
 .debug_macro   0x00000000000136a8       0x1c Core/Src/main.o
 .debug_macro   0x00000000000136c4       0x3d Core/Src/main.o
 .debug_macro   0x0000000000013701       0x16 Core/Src/main.o
 .debug_macro   0x0000000000013717      0x145 Core/Src/main.o
 .debug_macro   0x000000000001385c       0x50 Core/Src/main.o
 .debug_macro   0x00000000000138ac      0x8ff Core/Src/main.o
 .debug_macro   0x00000000000141ab      0x304 Core/Src/main.o
 .debug_macro   0x00000000000144af      0x13a Core/Src/main.o
 .debug_macro   0x00000000000145e9      0x11b Core/Src/main.o
 .debug_macro   0x0000000000014704      0x1bc Core/Src/main.o
 .debug_macro   0x00000000000148c0       0x34 Core/Src/main.o
 .debug_macro   0x00000000000148f4       0x3c Core/Src/main.o
 .debug_macro   0x0000000000014930       0x57 Core/Src/main.o
 .debug_macro   0x0000000000014987       0xcb Core/Src/main.o
 .debug_macro   0x0000000000014a52      0x1a0 Core/Src/main.o
 .debug_macro   0x0000000000014bf2      0x209 Core/Src/main.o
 .debug_macro   0x0000000000014dfb       0x5b Core/Src/main.o
 .debug_macro   0x0000000000014e56       0x90 Core/Src/main.o
 .debug_macro   0x0000000000014ee6       0x82 Core/Src/main.o
 .debug_macro   0x0000000000014f68       0xd3 Core/Src/main.o
 .debug_macro   0x000000000001503b      0x6af Core/Src/main.o
 .debug_macro   0x00000000000156ea      0x328 Core/Src/main.o
 .debug_macro   0x0000000000015a12      0x28c Core/Src/main.o
 .debug_macro   0x0000000000015c9e      0x308 Core/Src/stm32f3xx_hal_msp.o
 .debug_macro   0x0000000000015fa6      0x312 Core/Src/stm32f3xx_it.o
 .debug_macro   0x00000000000162b8      0x304 Core/Src/system_stm32f3xx.o
 .debug_macro   0x00000000000165bc      0x322 Drivers/STM32F3xx_HAL_Driver/stm32f3xx_hal.o
 .debug_macro   0x00000000000168de      0x2fe Drivers/STM32F3xx_HAL_Driver/stm32f3xx_hal_cortex.o
 .debug_macro   0x0000000000016bdc      0x336 Drivers/STM32F3xx_HAL_Driver/stm32f3xx_hal_gpio.o
 .debug_macro   0x0000000000016f12      0x322 Drivers/STM32F3xx_HAL_Driver/stm32f3xx_hal_rcc.o
 .debug_macro   0x0000000000017234      0x2fe Drivers/STM32F3xx_HAL_Driver/stm32f3xx_hal_rcc_ex.o
 .debug_macro   0x0000000000017532      0x2fe Drivers/STM32F3xx_HAL_Driver/stm32f3xx_hal_tim.o
 .debug_macro   0x0000000000017830      0x30a Drivers/STM32F3xx_HAL_Driver/stm32f3xx_hal_tim_ex.o

.debug_line     0x0000000000000000     0x8ee1
 .debug_line    0x0000000000000000      0xaca Core/Src/main.o
 .debug_line    0x0000000000000aca      0x942 Core/Src/stm32f3xx_hal_msp.o
 .debug_line    0x000000000000140c      0x985 Core/Src/stm32f3xx_it.o
 .debug_line    0x0000000000001d91      0x907 Core/Src/system_stm32f3xx.o
 .debug_line    0x0000000000002698       0x86 Core/Startup/startup_stm32f303k8tx.o
 .debug_line    0x000000000000271e      0xaf3 Drivers/STM32F3xx_HAL_Driver/stm32f3xx_hal.o
 .debug_line    0x0000000000003211      0xbbf Drivers/STM32F3xx_HAL_Driver/stm32f3xx_hal_cortex.o
 .debug_line    0x0000000000003dd0      0xa96 Drivers/STM32F3xx_HAL_Driver/stm32f3xx_hal_gpio.o
 .debug_line    0x0000000000004866     0x104d Drivers/STM32F3xx_HAL_Driver/stm32f3xx_hal_rcc.o
 .debug_line    0x00000000000058b3      0xac0 Drivers/STM32F3xx_HAL_Driver/stm32f3xx_hal_rcc_ex.o
 .debug_line    0x0000000000006373     0x1b1c Drivers/STM32F3xx_HAL_Driver/stm32f3xx_hal_tim.o
 .debug_line    0x0000000000007e8f     0x1052 Drivers/STM32F3xx_HAL_Driver/stm32f3xx_hal_tim_ex.o

.debug_str      0x0000000000000000    0x82a72
 .debug_str     0x0000000000000000    0x805d4 Core/Src/main.o
                                      0x8088a (size before relaxing)
 .debug_str     0x00000000000805d4       0x7b Core/Src/stm32f3xx_hal_msp.o
                                      0x804bf (size before relaxing)
 .debug_str     0x000000000008064f       0xbd Core/Src/stm32f3xx_it.o
                                      0x80069 (size before relaxing)
 .debug_str     0x000000000008070c       0xd1 Core/Src/system_stm32f3xx.o
                                      0x800c6 (size before relaxing)
 .debug_str     0x00000000000807dd       0x36 Core/Startup/startup_stm32f303k8tx.o
                                         0x79 (size before relaxing)
 .debug_str     0x0000000000080813      0x643 Drivers/STM32F3xx_HAL_Driver/stm32f3xx_hal.o
                                      0x8072d (size before relaxing)
 .debug_str     0x0000000000080e56      0x302 Drivers/STM32F3xx_HAL_Driver/stm32f3xx_hal_cortex.o
                                      0x80705 (size before relaxing)
 .debug_str     0x0000000000081158      0x2dd Drivers/STM32F3xx_HAL_Driver/stm32f3xx_hal_gpio.o
                                      0x803ca (size before relaxing)
 .debug_str     0x0000000000081435      0x337 Drivers/STM32F3xx_HAL_Driver/stm32f3xx_hal_rcc.o
                                      0x8053b (size before relaxing)
 .debug_str     0x000000000008176c      0x112 Drivers/STM32F3xx_HAL_Driver/stm32f3xx_hal_rcc_ex.o
                                      0x8026e (size before relaxing)
 .debug_str     0x000000000008187e      0xcc0 Drivers/STM32F3xx_HAL_Driver/stm32f3xx_hal_tim.o
                                      0x81199 (size before relaxing)
 .debug_str     0x000000000008253e      0x534 Drivers/STM32F3xx_HAL_Driver/stm32f3xx_hal_tim_ex.o
                                      0x80bc3 (size before relaxing)

.comment        0x0000000000000000       0x7b
 .comment       0x0000000000000000       0x7b Core/Src/main.o
                                         0x7c (size before relaxing)
 .comment       0x000000000000007b       0x7c Core/Src/stm32f3xx_hal_msp.o
 .comment       0x000000000000007b       0x7c Core/Src/stm32f3xx_it.o
 .comment       0x000000000000007b       0x7c Core/Src/system_stm32f3xx.o
 .comment       0x000000000000007b       0x7c Drivers/STM32F3xx_HAL_Driver/stm32f3xx_hal.o
 .comment       0x000000000000007b       0x7c Drivers/STM32F3xx_HAL_Driver/stm32f3xx_hal_cortex.o
 .comment       0x000000000000007b       0x7c Drivers/STM32F3xx_HAL_Driver/stm32f3xx_hal_gpio.o
 .comment       0x000000000000007b       0x7c Drivers/STM32F3xx_HAL_Driver/stm32f3xx_hal_rcc.o
 .comment       0x000000000000007b       0x7c Drivers/STM32F3xx_HAL_Driver/stm32f3xx_hal_rcc_ex.o
 .comment       0x000000000000007b       0x7c Drivers/STM32F3xx_HAL_Driver/stm32f3xx_hal_tim.o
 .comment       0x000000000000007b       0x7c Drivers/STM32F3xx_HAL_Driver/stm32f3xx_hal_tim_ex.o

.debug_frame    0x0000000000000000     0x2674
 .debug_frame   0x0000000000000000      0x228 Core/Src/main.o
 .debug_frame   0x0000000000000228       0xac Core/Src/stm32f3xx_hal_msp.o
 .debug_frame   0x00000000000002d4      0x10c Core/Src/stm32f3xx_it.o
 .debug_frame   0x00000000000003e0       0x58 Core/Src/system_stm32f3xx.o
 .debug_frame   0x0000000000000438      0x334 Drivers/STM32F3xx_HAL_Driver/stm32f3xx_hal.o
 .debug_frame   0x000000000000076c      0x428 Drivers/STM32F3xx_HAL_Driver/stm32f3xx_hal_cortex.o
 .debug_frame   0x0000000000000b94      0x14c Drivers/STM32F3xx_HAL_Driver/stm32f3xx_hal_gpio.o
 .debug_frame   0x0000000000000ce0      0x214 Drivers/STM32F3xx_HAL_Driver/stm32f3xx_hal_rcc.o
 .debug_frame   0x0000000000000ef4       0xb0 Drivers/STM32F3xx_HAL_Driver/stm32f3xx_hal_rcc_ex.o
 .debug_frame   0x0000000000000fa4      0xffc Drivers/STM32F3xx_HAL_Driver/stm32f3xx_hal_tim.o
 .debug_frame   0x0000000000001fa0      0x688 Drivers/STM32F3xx_HAL_Driver/stm32f3xx_hal_tim_ex.o
 .debug_frame   0x0000000000002628       0x2c c:/st/stm32cubeide_1.3.0/stm32cubeide/plugins/com.st.stm32cube.ide.mcu.externaltools.gnu-tools-for-stm32.7-2018-q2-update.win32_1.0.0.201904181610/tools/bin/../lib/gcc/arm-none-eabi/7.3.1/../../../../arm-none-eabi/lib/thumb/v7e-m/fpv4-sp/hard\libc_nano.a(lib_a-init.o)
 .debug_frame   0x0000000000002654       0x20 c:/st/stm32cubeide_1.3.0/stm32cubeide/plugins/com.st.stm32cube.ide.mcu.externaltools.gnu-tools-for-stm32.7-2018-q2-update.win32_1.0.0.201904181610/tools/bin/../lib/gcc/arm-none-eabi/7.3.1/../../../../arm-none-eabi/lib/thumb/v7e-m/fpv4-sp/hard\libc_nano.a(lib_a-memset.o)
